City 1
4 bridges of total length 4

City 2
No bridges are possible.
2 disconnected groups

City 3
No bridges are needed.

City 4
1 bridge of total length 1
2 disconnected groups

City 5
No bridges are needed.

City 6
No bridges are needed.

City 7
No bridges are needed.

City 8
1 bridge of total length 1

City 9
1 bridge of total length 2

City 10
7 bridges of total length 8

City 11
7 bridges of total length 14

City 12
6 bridges of total length 42

City 13
5 bridges of total length 31
2 disconnected groups

City 14
5 bridges of total length 22
3 disconnected groups

City 15
No bridges are possible.
7 disconnected groups

City 16
14 bridges of total length 67
2 disconnected groups

City 17
3 bridges of total length 3

City 18
1 bridge of total length 1

City 19
2 bridges of total length 2

City 20
2 bridges of total length 2

City 21
1 bridge of total length 1

City 22
No bridges are possible.
2 disconnected groups

City 23
No bridges are needed.

City 24
No bridges are needed.

City 25
2 bridges of total length 10
2 disconnected groups

City 26
2 bridges of total length 4

City 27
2 bridges of total length 4

City 28
1599 bridges of total length 1599

City 29
No bridges are needed.

City 30
No bridges are needed.

City 31
No bridges are needed.

City 32
No bridges are needed.

City 33
No bridges are needed.

City 34
No bridges are needed.

City 35
19 bridges of total length 19

City 36
39 bridges of total length 1521

City 37
20 bridges of total length 790
20 disconnected groups

City 38
80 bridges of total length 155

City 39
3 bridges of total length 3

City 40
1 bridge of total length 1

City 41
2 bridges of total length 2

City 42
2 bridges of total length 2

City 43
1 bridge of total length 1

City 44
No bridges are possible.
2 disconnected groups

City 45
No bridges are needed.

City 46
No bridges are needed.

City 47
2 bridges of total length 10
2 disconnected groups

City 48
2 bridges of total length 4

City 49
2 bridges of total length 4

City 50
2499 bridges of total length 2499

City 51
No bridges are needed.

City 52
No bridges are needed.

City 53
No bridges are needed.

City 54
No bridges are needed.

City 55
No bridges are needed.

City 56
No bridges are needed.

City 57
24 bridges of total length 24

City 58
49 bridges of total length 2401

City 59
25 bridges of total length 1237
25 disconnected groups

City 60
100 bridges of total length 195
